[INFO] Scanning for projects...
[WARNING] 
[WARNING] Some problems were encountered while building the effective model for cmr.notep.schochat:business:jar:1.0-SNAPSHOT
[WARNING] 'version' contains an expression but should be a constant. @ cmr.notep.schochat:business:${project.scolchat.version}, c:\Users\Prince\Documents\PROJECT SCHOLCHAT\2025backendSchoolchat\business\pom.xml, line 15, column 14
[WARNING] 
[WARNING] It is highly recommended to fix these problems because they threaten the stability of your build.
[WARNING] 
[WARNING] For this reason, future Maven versions might no longer support building such malformed projects.
[WARNING] 
[INFO] 
[INFO] --------------------< cmr.notep.schochat:business >---------------------
[INFO] Building business 1.0-SNAPSHOT
[INFO]   from pom.xml
[INFO] --------------------------------[ jar ]---------------------------------
[INFO] 
[INFO] >>> spring-boot:3.3.1:run (default-cli) > test-compile @ business >>>
[INFO] 
[INFO] --- resources:3.3.1:resources (default-resources) @ business ---
[INFO] Copying 4 resources from src\main\resources to target\classes
[INFO] Copying 17 resources from src\main\resources to target\classes
[INFO] 
[INFO] --- compiler:3.12.1:compile (default-compile) @ business ---
[INFO] Recompiling the module because of changed source code.
[INFO] Compiling 99 source files with javac [debug parameters release 21] to target\classes
[INFO] -------------------------------------------------------------
[ERROR] COMPILATION ERROR : 
[INFO] -------------------------------------------------------------
[ERROR]   on the class path. A future release of javac may disable annotation processing
  unless at least one processor is specified by name (-processor), or a search
  path is specified (--processor-path, --processor-module-path), or annotation
  processing is enabled explicitly (-proc:only, -proc:full).
  Use -Xlint:-options to suppress this message.
  Use -proc:none to disable annotation processing.
c:\Users\Prince\Documents\PROJECT SCHOLCHAT\2025backendSchoolchat\business\src\main\java\cmr\notep\business\impl\AccederService.java:[7,35] error: cannot find symbol
  symbol:   class UtilisateurSimpleDto
  location: package cmr.notep.interfaces.modeles
[ERROR] c:\Users\Prince\Documents\PROJECT SCHOLCHAT\2025backendSchoolchat\business\src\main\java\cmr\notep\business\impl\AccederService.java:[53,16] error: cannot find symbol
  symbol:   class UtilisateurSimpleDto
  location: class AccederService
[ERROR] c:\Users\Prince\Documents\PROJECT SCHOLCHAT\2025backendSchoolchat\business\src\main\java\cmr\notep\business\impl\AccederService.java:[71,16] error: cannot find symbol
  symbol:   class UtilisateurSimpleDto
  location: class AccederService
[ERROR] c:\Users\Prince\Documents\PROJECT SCHOLCHAT\2025backendSchoolchat\business\src\main\java\cmr\notep\business\business\AccederBusiness.java:[436,16] error: cannot find symbol
  symbol:   class UtilisateurSimpleDto
  location: class AccederBusiness
[ERROR] c:\Users\Prince\Documents\PROJECT SCHOLCHAT\2025backendSchoolchat\business\src\main\java\cmr\notep\business\business\AccederBusiness.java:[450,16] error: cannot find symbol
  symbol:   class UtilisateurSimpleDto
  location: class AccederBusiness
[ERROR] c:\Users\Prince\Documents\PROJECT SCHOLCHAT\2025backendSchoolchat\business\src\main\java\cmr\notep\business\business\AccederBusiness.java:[479,12] error: cannot find symbol
  symbol:   class UtilisateurSimpleDto
  location: class AccederBusiness
[ERROR] c:\Users\Prince\Documents\PROJECT SCHOLCHAT\2025backendSchoolchat\business\src\main\java\cmr\notep\business\business\ClassesBusiness.java:[9,31] error: cannot find symbol
  symbol:   class ClasseCreationDto
  location: package cmr.notep.interfaces.dto
[ERROR] c:\Users\Prince\Documents\PROJECT SCHOLCHAT\2025backendSchoolchat\business\src\main\java\cmr\notep\business\business\ClassesBusiness.java:[10,31] error: cannot find symbol
  symbol:   class ClasseCreationResponseDto
  location: package cmr.notep.interfaces.dto
[ERROR] c:\Users\Prince\Documents\PROJECT SCHOLCHAT\2025backendSchoolchat\business\src\main\java\cmr\notep\business\services\PaymentService.java:[3,31] error: cannot find symbol
  symbol:   class ClasseCreationDto
  location: package cmr.notep.interfaces.dto
[ERROR] c:\Users\Prince\Documents\PROJECT SCHOLCHAT\2025backendSchoolchat\business\src\main\java\cmr\notep\business\business\ClassesBusiness.java:[49,57] error: cannot find symbol
  symbol:   class ClasseCreationDto
  location: class ClassesBusiness
[ERROR] c:\Users\Prince\Documents\PROJECT SCHOLCHAT\2025backendSchoolchat\business\src\main\java\cmr\notep\business\business\ClassesBusiness.java:[49,11] error: cannot find symbol
  symbol:   class ClasseCreationResponseDto
  location: class ClassesBusiness
[ERROR] c:\Users\Prince\Documents\PROJECT SCHOLCHAT\2025backendSchoolchat\business\src\main\java\cmr\notep\business\services\PaymentService.java:[11,51] error: package ClasseCreationDto does not exist
[ERROR] c:\Users\Prince\Documents\PROJECT SCHOLCHAT\2025backendSchoolchat\business\src\main\java\cmr\notep\business\services\PaymentService.java:[25,56] error: package ClasseCreationDto does not exist
[ERROR] c:\Users\Prince\Documents\PROJECT SCHOLCHAT\2025backendSchoolchat\business\src\main\java\cmr\notep\business\services\PaymentService.java:[39,58] error: package ClasseCreationDto does not exist
[ERROR] c:\Users\Prince\Documents\PROJECT SCHOLCHAT\2025backendSchoolchat\business\src\main\java\cmr\notep\business\business\MessagesBusiness.java:[179,16] error: cannot find symbol
  symbol:   class MessageDto
  location: class MessagesBusiness
[ERROR] c:\Users\Prince\Documents\PROJECT SCHOLCHAT\2025backendSchoolchat\business\src\main\java\cmr\notep\business\business\MessagesBusiness.java:[194,16] error: cannot find symbol
  symbol:   class MessageDto
  location: class MessagesBusiness
[ERROR] c:\Users\Prince\Documents\PROJECT SCHOLCHAT\2025backendSchoolchat\business\src\main\java\cmr\notep\business\business\MessagesBusiness.java:[262,12] error: cannot find symbol
  symbol:   class MessageDto
  location: class MessagesBusiness
[ERROR] c:\Users\Prince\Documents\PROJECT SCHOLCHAT\2025backendSchoolchat\business\src\main\java\cmr\notep\business\business\MessagesBusiness.java:[290,12] error: cannot find symbol
  symbol:   class UtilisateurSimpleDto
  location: class MessagesBusiness
[ERROR] c:\Users\Prince\Documents\PROJECT SCHOLCHAT\2025backendSchoolchat\business\src\main\java\cmr\notep\business\business\MessagesBusiness.java:[315,16] error: cannot find symbol
  symbol:   class MessageDto
  location: class MessagesBusiness
[ERROR] c:\Users\Prince\Documents\PROJECT SCHOLCHAT\2025backendSchoolchat\business\src\main\java\cmr\notep\business\impl\ClassesService.java:[9,31] error: cannot find symbol
  symbol:   class ClasseCreationDto
  location: package cmr.notep.interfaces.dto
[ERROR] c:\Users\Prince\Documents\PROJECT SCHOLCHAT\2025backendSchoolchat\business\src\main\java\cmr\notep\business\impl\ClassesService.java:[10,31] error: cannot find symbol
  symbol:   class ClasseCreationResponseDto
  location: package cmr.notep.interfaces.dto
[ERROR] c:\Users\Prince\Documents\PROJECT SCHOLCHAT\2025backendSchoolchat\business\src\main\java\cmr\notep\business\impl\ClassesService.java:[36,66] error: cannot find symbol
  symbol:   class ClasseCreationDto
  location: class ClassesService
[ERROR] c:\Users\Prince\Documents\PROJECT SCHOLCHAT\2025backendSchoolchat\business\src\main\java\cmr\notep\business\impl\ClassesService.java:[36,11] error: cannot find symbol
  symbol:   class ClasseCreationResponseDto
  location: class ClassesService
[ERROR] c:\Users\Prince\Documents\PROJECT SCHOLCHAT\2025backendSchoolchat\business\src\main\java\cmr\notep\business\impl\MessagesService.java:[6,35] error: cannot find symbol
  symbol:   class MessageDto
  location: package cmr.notep.interfaces.modeles
[ERROR] c:\Users\Prince\Documents\PROJECT SCHOLCHAT\2025backendSchoolchat\business\src\main\java\cmr\notep\business\impl\MessagesService.java:[57,16] error: cannot find symbol
  symbol:   class MessageDto
  location: class MessagesService
[ERROR] c:\Users\Prince\Documents\PROJECT SCHOLCHAT\2025backendSchoolchat\business\src\main\java\cmr\notep\business\impl\MessagesService.java:[63,16] error: cannot find symbol
  symbol:   class MessageDto
  location: class MessagesService
[ERROR] c:\Users\Prince\Documents\PROJECT SCHOLCHAT\2025backendSchoolchat\business\src\main\java\cmr\notep\business\impl\MessagesService.java:[75,16] error: cannot find symbol
  symbol:   class MessageDto
  location: class MessagesService
[INFO] 27 errors 
[INFO] -------------------------------------------------------------
[INFO] ------------------------------------------------------------------------
[INFO] BUILD FAILURE
[INFO] ------------------------------------------------------------------------
[INFO] Total time:  15.324 s
[INFO] Finished at: 2026-01-26T12:54:15+01:00
[INFO] ------------------------------------------------------------------------
[ERROR] Failed to execute goal org.apache.maven.plugins:maven-compiler-plugin:3.12.1:compile (default-compile) on project business: Compilation failure: Compilation failure: 
[ERROR]   on the class path. A future release of javac may disable annotation processing
[ERROR]   unless at least one processor is specified by name (-processor), or a search
[ERROR]   path is specified (--processor-path, --processor-module-path), or annotation
[ERROR]   processing is enabled explicitly (-proc:only, -proc:full).
[ERROR]   Use -Xlint:-options to suppress this message.
[ERROR]   Use -proc:none to disable annotation processing.
[ERROR] c:\Users\Prince\Documents\PROJECT SCHOLCHAT\2025backendSchoolchat\business\src\main\java\cmr\notep\business\impl\AccederService.java:[7,35] error: cannot find symbol
[ERROR]   symbol:   class UtilisateurSimpleDto
[ERROR]   location: package cmr.notep.interfaces.modeles
[ERROR] c:\Users\Prince\Documents\PROJECT SCHOLCHAT\2025backendSchoolchat\business\src\main\java\cmr\notep\business\impl\AccederService.java:[53,16] error: cannot find symbol
[ERROR]   symbol:   class UtilisateurSimpleDto
[ERROR]   location: class AccederService
[ERROR] c:\Users\Prince\Documents\PROJECT SCHOLCHAT\2025backendSchoolchat\business\src\main\java\cmr\notep\business\impl\AccederService.java:[71,16] error: cannot find symbol
[ERROR]   symbol:   class UtilisateurSimpleDto
[ERROR]   location: class AccederService
[ERROR] c:\Users\Prince\Documents\PROJECT SCHOLCHAT\2025backendSchoolchat\business\src\main\java\cmr\notep\business\business\AccederBusiness.java:[436,16] error: cannot find symbol
[ERROR]   symbol:   class UtilisateurSimpleDto
[ERROR]   location: class AccederBusiness
[ERROR] c:\Users\Prince\Documents\PROJECT SCHOLCHAT\2025backendSchoolchat\business\src\main\java\cmr\notep\business\business\AccederBusiness.java:[450,16] error: cannot find symbol
[ERROR]   symbol:   class UtilisateurSimpleDto
[ERROR]   location: class AccederBusiness
[ERROR] c:\Users\Prince\Documents\PROJECT SCHOLCHAT\2025backendSchoolchat\business\src\main\java\cmr\notep\business\business\AccederBusiness.java:[479,12] error: cannot find symbol
[ERROR]   symbol:   class UtilisateurSimpleDto
[ERROR]   location: class AccederBusiness
[ERROR] c:\Users\Prince\Documents\PROJECT SCHOLCHAT\2025backendSchoolchat\business\src\main\java\cmr\notep\business\business\ClassesBusiness.java:[9,31] error: cannot find symbol
[ERROR]   symbol:   class ClasseCreationDto
[ERROR]   location: package cmr.notep.interfaces.dto
[ERROR] c:\Users\Prince\Documents\PROJECT SCHOLCHAT\2025backendSchoolchat\business\src\main\java\cmr\notep\business\business\ClassesBusiness.java:[10,31] error: cannot find symbol
[ERROR]   symbol:   class ClasseCreationResponseDto
[ERROR]   location: package cmr.notep.interfaces.dto
[ERROR] c:\Users\Prince\Documents\PROJECT SCHOLCHAT\2025backendSchoolchat\business\src\main\java\cmr\notep\business\services\PaymentService.java:[3,31] error: cannot find symbol
[ERROR]   symbol:   class ClasseCreationDto
[ERROR]   location: package cmr.notep.interfaces.dto
[ERROR] c:\Users\Prince\Documents\PROJECT SCHOLCHAT\2025backendSchoolchat\business\src\main\java\cmr\notep\business\business\ClassesBusiness.java:[49,57] error: cannot find symbol
[ERROR]   symbol:   class ClasseCreationDto
[ERROR]   location: class ClassesBusiness
[ERROR] c:\Users\Prince\Documents\PROJECT SCHOLCHAT\2025backendSchoolchat\business\src\main\java\cmr\notep\business\business\ClassesBusiness.java:[49,11] error: cannot find symbol
[ERROR]   symbol:   class ClasseCreationResponseDto
[ERROR]   location: class ClassesBusiness
[ERROR] c:\Users\Prince\Documents\PROJECT SCHOLCHAT\2025backendSchoolchat\business\src\main\java\cmr\notep\business\services\PaymentService.java:[11,51] error: package ClasseCreationDto does not exist
[ERROR] c:\Users\Prince\Documents\PROJECT SCHOLCHAT\2025backendSchoolchat\business\src\main\java\cmr\notep\business\services\PaymentService.java:[25,56] error: package ClasseCreationDto does not exist
[ERROR] c:\Users\Prince\Documents\PROJECT SCHOLCHAT\2025backendSchoolchat\business\src\main\java\cmr\notep\business\services\PaymentService.java:[39,58] error: package ClasseCreationDto does not exist
[ERROR] c:\Users\Prince\Documents\PROJECT SCHOLCHAT\2025backendSchoolchat\business\src\main\java\cmr\notep\business\business\MessagesBusiness.java:[179,16] error: cannot find symbol
[ERROR]   symbol:   class MessageDto
[ERROR]   location: class MessagesBusiness
[ERROR] c:\Users\Prince\Documents\PROJECT SCHOLCHAT\2025backendSchoolchat\business\src\main\java\cmr\notep\business\business\MessagesBusiness.java:[194,16] error: cannot find symbol
[ERROR]   symbol:   class MessageDto
[ERROR]   location: class MessagesBusiness
[ERROR] c:\Users\Prince\Documents\PROJECT SCHOLCHAT\2025backendSchoolchat\business\src\main\java\cmr\notep\business\business\MessagesBusiness.java:[262,12] error: cannot find symbol
[ERROR]   symbol:   class MessageDto
[ERROR]   location: class MessagesBusiness
[ERROR] c:\Users\Prince\Documents\PROJECT SCHOLCHAT\2025backendSchoolchat\business\src\main\java\cmr\notep\business\business\MessagesBusiness.java:[290,12] error: cannot find symbol
[ERROR]   symbol:   class UtilisateurSimpleDto
[ERROR]   location: class MessagesBusiness
[ERROR] c:\Users\Prince\Documents\PROJECT SCHOLCHAT\2025backendSchoolchat\business\src\main\java\cmr\notep\business\business\MessagesBusiness.java:[315,16] error: cannot find symbol
[ERROR]   symbol:   class MessageDto
[ERROR]   location: class MessagesBusiness
[ERROR] c:\Users\Prince\Documents\PROJECT SCHOLCHAT\2025backendSchoolchat\business\src\main\java\cmr\notep\business\impl\ClassesService.java:[9,31] error: cannot find symbol
[ERROR]   symbol:   class ClasseCreationDto
[ERROR]   location: package cmr.notep.interfaces.dto
[ERROR] c:\Users\Prince\Documents\PROJECT SCHOLCHAT\2025backendSchoolchat\business\src\main\java\cmr\notep\business\impl\ClassesService.java:[10,31] error: cannot find symbol
[ERROR]   symbol:   class ClasseCreationResponseDto
[ERROR]   location: package cmr.notep.interfaces.dto
[ERROR] c:\Users\Prince\Documents\PROJECT SCHOLCHAT\2025backendSchoolchat\business\src\main\java\cmr\notep\business\impl\ClassesService.java:[36,66] error: cannot find symbol
[ERROR]   symbol:   class ClasseCreationDto
[ERROR]   location: class ClassesService
[ERROR] c:\Users\Prince\Documents\PROJECT SCHOLCHAT\2025backendSchoolchat\business\src\main\java\cmr\notep\business\impl\ClassesService.java:[36,11] error: cannot find symbol
[ERROR]   symbol:   class ClasseCreationResponseDto
[ERROR]   location: class ClassesService
[ERROR] c:\Users\Prince\Documents\PROJECT SCHOLCHAT\2025backendSchoolchat\business\src\main\java\cmr\notep\business\impl\MessagesService.java:[6,35] error: cannot find symbol
[ERROR]   symbol:   class MessageDto
[ERROR]   location: package cmr.notep.interfaces.modeles
[ERROR] c:\Users\Prince\Documents\PROJECT SCHOLCHAT\2025backendSchoolchat\business\src\main\java\cmr\notep\business\impl\MessagesService.java:[57,16] error: cannot find symbol
[ERROR]   symbol:   class MessageDto
[ERROR]   location: class MessagesService
[ERROR] c:\Users\Prince\Documents\PROJECT SCHOLCHAT\2025backendSchoolchat\business\src\main\java\cmr\notep\business\impl\MessagesService.java:[63,16] error: cannot find symbol
[ERROR]   symbol:   class MessageDto
[ERROR]   location: class MessagesService
[ERROR] c:\Users\Prince\Documents\PROJECT SCHOLCHAT\2025backendSchoolchat\business\src\main\java\cmr\notep\business\impl\MessagesService.java:[75,16] error: cannot find symbol
[ERROR]   symbol:   class MessageDto
[ERROR]   location: class MessagesService
[ERROR] -> [Help 1]
[ERROR] 
[ERROR] To see the full stack trace of the errors, re-run Maven with the -e switch.
[ERROR] Re-run Maven using the -X switch to enable full debug logging.
[ERROR] 
[ERROR] For more information about the errors and possible solutions, please read the following articles:
[ERROR] [Help 1] http://cwiki.apache.org/confluence/display/MAVEN/MojoFailureException
