#
# There is insufficient memory for the Java Runtime Environment to continue.
# Native memory allocation (malloc) failed to allocate 955536 bytes for Chunk::new
# Possible reasons:
#   The system is out of physical RAM or swap space
#   The process is running with CompressedOops enabled, and the Java Heap may be blocking the growth of the native heap
# Possible solutions:
#   Reduce memory load on the system
#   Increase physical memory or swap space
#   Check if swap backing store is full
#   Decrease Java heap size (-Xmx/-Xms)
#   Decrease number of Java threads
#   Decrease Java thread stack sizes (-Xss)
#   Set larger code cache with -XX:ReservedCodeCacheSize=
#   JVM is running with Unscaled Compressed Oops mode in which the Java heap is
#     placed in the first 4GB address space. The Java Heap base address is the
#     maximum limit for the native heap growth. Please use -XX:HeapBaseMinAddress
#     to set the Java Heap base and to place the Java Heap above 4GB virtual address.
# This output file may be truncated or incomplete.
#
#  Out of Memory Error (arena.cpp:189), pid=44876, tid=43280
#
# JRE version: OpenJDK Runtime Environment Temurin-17.0.4.1+1 (17.0.4.1+1) (build 17.0.4.1+1)
# Java VM: OpenJDK 64-Bit Server VM Temurin-17.0.4.1+1 (17.0.4.1+1, mixed mode, tiered, compressed oops, compressed class ptrs, parallel gc, windows-amd64)
# No core dump will be written. Minidumps are not enabled by default on client versions of Windows
#

---------------  S U M M A R Y ------------

Command Line: --add-modules=ALL-SYSTEM --add-opens=java.base/java.util=ALL-UNNAMED --add-opens=java.base/java.lang=ALL-UNNAMED --add-opens=java.base/sun.nio.fs=ALL-UNNAMED -Declipse.application=org.eclipse.jdt.ls.core.id1 -Dosgi.bundles.defaultStartLevel=4 -Declipse.product=org.eclipse.jdt.ls.core.product -Djava.import.generatesMetadataFilesAtProjectRoot=false -Dfile.encoding=utf8 -XX:+UseParallelGC -XX:GCTimeRatio=4 -XX:AdaptiveSizePolicyWeight=90 -Dsun.zip.disableMemoryMapping=true -Xmx1G -Xms100m -Xlog:disable -javaagent:c:\Users\Prince\.antigravity\extensions\redhat.java-1.12.0-win32-x64\lombok\lombok-1.18.24.jar -XX:+HeapDumpOnOutOfMemoryError -XX:HeapDumpPath=c:\Users\Prince\AppData\Roaming\Antigravity\User\workspaceStorage\61fd0de3ea7e99ff56cf2674413bfd78\redhat.java c:\Users\Prince\.antigravity\extensions\redhat.java-1.12.0-win32-x64\server\plugins\org.eclipse.equinox.launcher_1.6.400.v20210924-0641.jar -configuration c:\Users\Prince\AppData\Roaming\Antigravity\User\globalStorage\redhat.java\1.12.0\config_win -data c:\Users\Prince\AppData\Roaming\Antigravity\User\workspaceStorage\61fd0de3ea7e99ff56cf2674413bfd78\redhat.java\jdt_ws

Host: Intel(R) Core(TM) i7-6500U CPU @ 2.50GHz, 4 cores, 15G,  Windows 10 , 64 bit Build 21996 (10.0.21996.1)
Time: Tue Feb 17 13:07:28 2026 W. Central Africa Standard Time elapsed time: 108.269440 seconds (0d 0h 1m 48s)

---------------  T H R E A D  ---------------

Current thread (0x000001fe613ea190):  JavaThread "C2 CompilerThread0" daemon [_thread_in_native, id=43280, stack(0x000000a77e700000,0x000000a77e800000)]


Current CompileTask:
C2: 108270 11488       4       org.eclipse.jdt.internal.compiler.lookup.BinaryTypeBinding::createMethod (1719 bytes)

Stack: [0x000000a77e700000,0x000000a77e800000]
Native frames: (J=compiled Java code, j=interpreted, Vv=VM code, C=native code)
V  [jvm.dll+0x67731a]
V  [jvm.dll+0x832284]
V  [jvm.dll+0x833a2e]
V  [jvm.dll+0x834093]
V  [jvm.dll+0x245775]
V  [jvm.dll+0xabd7b]
V  [jvm.dll+0xac30c]
V  [jvm.dll+0x2ac80f]
V  [jvm.dll+0x57dd77]
V  [jvm.dll+0x220892]
V  [jvm.dll+0x219d3f]
V  [jvm.dll+0x21799b]
V  [jvm.dll+0x1a3f8d]
V  [jvm.dll+0x227498]
V  [jvm.dll+0x2255e5]
V  [jvm.dll+0x7e7e9b]
V  [jvm.dll+0x7e240a]
V  [jvm.dll+0x6761a5]
C  [ucrtbase.dll+0x26c0c]
C  [KERNEL32.DLL+0x154e0]
C  [ntdll.dll+0x485b]


---------------  P R O C E S S  ---------------

Threads class SMR info:
_java_thread_list=0x000001fe69ca8a30, length=31, elements={
0x000001fe4d589ca0, 0x000001fe613a5a80, 0x000001fe613a7af0, 0x000001fe613bd500,
0x000001fe613bddc0, 0x000001fe613e9010, 0x000001fe613e98d0, 0x000001fe613ea190,
0x000001fe62dfa7e0, 0x000001fe62dfdc40, 0x000001fe4d646660, 0x000001fe630cebf0,
0x000001fe635908a0, 0x000001fe634f3bb0, 0x000001fe64490040, 0x000001fe634f4c90,
0x000001fe632f3690, 0x000001fe632e0150, 0x000001fe633357c0, 0x000001fe63334950,
0x000001fe633352f0, 0x000001fe63336160, 0x000001fe63336630, 0x000001fe63333ae0,
0x000001fe63336b00, 0x000001fe63336fd0, 0x000001fe68b48600, 0x000001fe68b45ab0,
0x000001fe68b4ac80, 0x000001fe68b455e0, 0x000001fe66a03a80
}

Java Threads: ( => current thread )
  0x000001fe4d589ca0 JavaThread "main" [_thread_blocked, id=44908, stack(0x000000a77de00000,0x000000a77df00000)]
  0x000001fe613a5a80 JavaThread "Reference Handler" daemon [_thread_blocked, id=45048, stack(0x000000a77e100000,0x000000a77e200000)]
  0x000001fe613a7af0 JavaThread "Finalizer" daemon [_thread_blocked, id=45052, stack(0x000000a77e200000,0x000000a77e300000)]
  0x000001fe613bd500 JavaThread "Signal Dispatcher" daemon [_thread_blocked, id=22236, stack(0x000000a77e300000,0x000000a77e400000)]
  0x000001fe613bddc0 JavaThread "Attach Listener" daemon [_thread_blocked, id=44064, stack(0x000000a77e400000,0x000000a77e500000)]
  0x000001fe613e9010 JavaThread "Service Thread" daemon [_thread_blocked, id=29540, stack(0x000000a77e500000,0x000000a77e600000)]
  0x000001fe613e98d0 JavaThread "Monitor Deflation Thread" daemon [_thread_blocked, id=39524, stack(0x000000a77e600000,0x000000a77e700000)]
=>0x000001fe613ea190 JavaThread "C2 CompilerThread0" daemon [_thread_in_native, id=43280, stack(0x000000a77e700000,0x000000a77e800000)]
  0x000001fe62dfa7e0 JavaThread "C1 CompilerThread0" daemon [_thread_blocked, id=44068, stack(0x000000a77e800000,0x000000a77e900000)]
  0x000001fe62dfdc40 JavaThread "Sweeper thread" daemon [_thread_blocked, id=220, stack(0x000000a77e900000,0x000000a77ea00000)]
  0x000001fe4d646660 JavaThread "Common-Cleaner" daemon [_thread_blocked, id=28088, stack(0x000000a77ea00000,0x000000a77eb00000)]
  0x000001fe630cebf0 JavaThread "Notification Thread" daemon [_thread_blocked, id=44792, stack(0x000000a77eb00000,0x000000a77ec00000)]
  0x000001fe635908a0 JavaThread "Active Thread: Equinox Container: c07a3cfb-2bbe-4584-8493-5782ab63d443" [_thread_blocked, id=43152, stack(0x000000a77f000000,0x000000a77f100000)]
  0x000001fe634f3bb0 JavaThread "Framework Event Dispatcher: Equinox Container: c07a3cfb-2bbe-4584-8493-5782ab63d443" daemon [_thread_blocked, id=44988, stack(0x000000a77f100000,0x000000a77f200000)]
  0x000001fe64490040 JavaThread "Start Level: Equinox Container: c07a3cfb-2bbe-4584-8493-5782ab63d443" daemon [_thread_blocked, id=44864, stack(0x000000a77f200000,0x000000a77f300000)]
  0x000001fe634f4c90 JavaThread "SCR Component Actor" daemon [_thread_blocked, id=42340, stack(0x000000a77f300000,0x000000a77f400000)]
  0x000001fe632f3690 JavaThread "Worker-JM" [_thread_blocked, id=44740, stack(0x000000a77f500000,0x000000a77f600000)]
  0x000001fe632e0150 JavaThread "Worker-0" [_thread_blocked, id=5952, stack(0x000000a77f600000,0x000000a77f700000)]
  0x000001fe633357c0 JavaThread "Worker-1" [_thread_blocked, id=43424, stack(0x000000a77f700000,0x000000a77f800000)]
  0x000001fe63334950 JavaThread "Worker-2" [_thread_blocked, id=44944, stack(0x000000a77f800000,0x000000a77f900000)]
  0x000001fe633352f0 JavaThread "Java indexing" daemon [_thread_blocked, id=44360, stack(0x000000a77fa00000,0x000000a77fb00000)]
  0x000001fe63336160 JavaThread "JNA Cleaner" daemon [_thread_blocked, id=44220, stack(0x000000a77f900000,0x000000a77fa00000)]
  0x000001fe63336630 JavaThread "pool-2-thread-1" [_thread_blocked, id=42296, stack(0x000000a77fd00000,0x000000a77fe00000)]
  0x000001fe63333ae0 JavaThread "pool-1-thread-1" [_thread_in_native, id=44440, stack(0x000000a77f400000,0x000000a77f500000)]
  0x000001fe63336b00 JavaThread "Worker-3" [_thread_blocked, id=30340, stack(0x000000a77fe00000,0x000000a77ff00000)]
  0x000001fe63336fd0 JavaThread "Worker-4" [_thread_blocked, id=44052, stack(0x000000a77ff00000,0x000000a780000000)]
  0x000001fe68b48600 JavaThread "Worker-5" [_thread_blocked, id=32332, stack(0x000000a700000000,0x000000a700100000)]
  0x000001fe68b45ab0 JavaThread "ForkJoinPool.commonPool-worker-1" daemon [_thread_blocked, id=31228, stack(0x000000a700100000,0x000000a700200000)]
  0x000001fe68b4ac80 JavaThread "ForkJoinPool.commonPool-worker-2" daemon [_thread_blocked, id=15284, stack(0x000000a700300000,0x000000a700400000)]
  0x000001fe68b455e0 JavaThread "ForkJoinPool.commonPool-worker-3" daemon [_thread_blocked, id=32648, stack(0x000000a700400000,0x000000a700500000)]
  0x000001fe66a03a80 JavaThread "C2 CompilerThread1" daemon [_thread_blocked, id=44492, stack(0x000000a700200000,0x000000a700300000)]

Other Threads:
  0x000001fe612b7280 VMThread "VM Thread" [stack: 0x000000a77e000000,0x000000a77e100000] [id=45020]
  0x000001fe631a4820 WatcherThread [stack: 0x000000a77ec00000,0x000000a77ed00000] [id=44800]
  0x000001fe4d599470 GCTaskThread "GC Thread#0" [stack: 0x000000a77df00000,0x000000a77e000000] [id=44972]
  0x000001fe637ba5f0 GCTaskThread "GC Thread#1" [stack: 0x000000a77ed00000,0x000000a77ee00000] [id=27972]
  0x000001fe637baab0 GCTaskThread "GC Thread#2" [stack: 0x000000a77ee00000,0x000000a77ef00000] [id=39792]
  0x000001fe637bad60 GCTaskThread "GC Thread#3" [stack: 0x000000a77ef00000,0x000000a77f000000] [id=40200]

Threads with active compile tasks:
C2 CompilerThread0   108342 11488       4       org.eclipse.jdt.internal.compiler.lookup.BinaryTypeBinding::createMethod (1719 bytes)

VM state: not at safepoint (normal execution)

VM Mutex/Monitor currently owned by a thread: None

Heap address: 0x00000000c0000000, size: 1024 MB, Compressed Oops mode: 32-bit

CDS archive(s) not mapped
Compressed class space mapped at: 0x0000000100000000-0x0000000140000000, reserved size: 1073741824
Narrow klass base: 0x0000000000000000, Narrow klass shift: 3, Narrow klass range: 0x140000000

GC Precious Log:
 CPUs: 4 total, 4 available
 Memory: 16167M
 Large Page Support: Disabled
 NUMA Support: Disabled
 Compressed Oops: Enabled (32-bit)
 Alignments: Space 512K, Generation 512K, Heap 2M
 Heap Min Capacity: 100M
 Heap Initial Capacity: 100M
 Heap Max Capacity: 1G
 Pre-touch: Disabled
 Parallel Workers: 4

Heap:
 PSYoungGen      total 25600K, used 23713K [0x00000000eab00000, 0x00000000ecd00000, 0x0000000100000000)
  eden space 16384K, 90% used [0x00000000eab00000,0x00000000eb97e4c0,0x00000000ebb00000)
  from space 9216K, 96% used [0x00000000ebb00000,0x00000000ec3aa310,0x00000000ec400000)
  to   space 9216K, 0% used [0x00000000ec400000,0x00000000ec400000,0x00000000ecd00000)
 ParOldGen       total 118272K, used 107406K [0x00000000c0000000, 0x00000000c7380000, 0x00000000eab00000)
  object space 118272K, 90% used [0x00000000c0000000,0x00000000c68e3828,0x00000000c7380000)
 Metaspace       used 67539K, committed 68672K, reserved 1114112K
  class space    used 6878K, committed 7360K, reserved 1048576K

Card table byte_map: [0x000001fe4cf40000,0x000001fe4d150000] _byte_map_base: 0x000001fe4c940000

Marking Bits: (ParMarkBitMap*) 0x00007ff893b52cc0
 Begin Bits: [0x000001fe5f220000, 0x000001fe60220000)
 End Bits:   [0x000001fe60220000, 0x000001fe61220000)

Polling page: 0x000001fe4b540000

Metaspace:

Usage:
  Non-class:     59.24 MB used.
      Class:      6.72 MB used.
       Both:     65.96 MB used.

Virtual space:
  Non-class space:       64.00 MB reserved,      59.88 MB ( 94%) committed,  8 nodes.
      Class space:        1.00 GB reserved,       7.19 MB ( <1%) committed,  1 nodes.
             Both:        1.06 GB reserved,      67.06 MB (  6%) committed. 

Chunk freelists:
   Non-Class:  96.00 KB
       Class:  720.00 KB
        Both:  816.00 KB

MaxMetaspaceSize: unlimited
CompressedClassSpaceSize: 1.00 GB
Initial GC threshold: 21.00 MB
Current GC threshold: 104.31 MB
CDS: off
MetaspaceReclaimPolicy: balanced
 - commit_granule_bytes: 65536.
 - commit_granule_words: 8192.
 - virtual_space_node_default_size: 1048576.
 - enlarge_chunks_in_place: 1.
 - new_chunks_are_fully_committed: 0.
 - uncommit_free_chunks: 1.
 - use_allocation_guard: 0.
 - handle_deallocations: 1.


Internal statistics:

num_allocs_failed_limit: 6.
num_arena_births: 796.
num_arena_deaths: 14.
num_vsnodes_births: 9.
num_vsnodes_deaths: 0.
num_space_committed: 1073.
num_space_uncommitted: 0.
num_chunks_returned_to_freelist: 20.
num_chunks_taken_from_freelist: 3517.
num_chunk_merges: 10.
num_chunk_splits: 2245.
num_chunks_enlarged: 1362.
num_purges: 2.
num_inconsistent_stats: 0.

CodeHeap 'non-profiled nmethods': size=120000Kb used=8350Kb max_used=8350Kb free=111649Kb
 bounds [0x000001fe57cf0000, 0x000001fe58520000, 0x000001fe5f220000]
CodeHeap 'profiled nmethods': size=120000Kb used=20556Kb max_used=20876Kb free=99443Kb
 bounds [0x000001fe507c0000, 0x000001fe51c30000, 0x000001fe57cf0000]
CodeHeap 'non-nmethods': size=5760Kb used=1343Kb max_used=1471Kb free=4416Kb
 bounds [0x000001fe50220000, 0x000001fe50490000, 0x000001fe507c0000]
 total_blobs=10287 nmethods=9599 adapters=601
 compilation: enabled
              stopped_count=0, restarted_count=0
 full_count=0

Compilation events (20 events):
Event: 108.162 Thread 0x000001fe62dfa7e0 nmethod 11502 0x000001fe512bf590 code [0x000001fe512bf960, 0x000001fe512c1f18]
Event: 108.162 Thread 0x000001fe62dfa7e0 11503       3       org.eclipse.jdt.internal.compiler.parser.Parser::pushOnAstLengthStack (54 bytes)
Event: 108.162 Thread 0x000001fe62dfa7e0 nmethod 11503 0x000001fe512bef90 code [0x000001fe512bf140, 0x000001fe512bf428]
Event: 108.162 Thread 0x000001fe62dfa7e0 11504       3       org.eclipse.jdt.internal.compiler.parser.Parser::consumeMethodDeclaration (297 bytes)
Event: 108.163 Thread 0x000001fe62dfa7e0 nmethod 11504 0x000001fe512bdc90 code [0x000001fe512bdee0, 0x000001fe512bec28]
Event: 108.185 Thread 0x000001fe66a03a80 nmethod 11477 0x000001fe58512a90 code [0x000001fe58512cc0, 0x000001fe58514eb8]
Event: 108.186 Thread 0x000001fe66a03a80 11493       4       org.eclipse.jdt.internal.compiler.lookup.PackageBinding::getPackage0Any (12 bytes)
Event: 108.199 Thread 0x000001fe66a03a80 nmethod 11493 0x000001fe58516210 code [0x000001fe585163c0, 0x000001fe58516af8]
Event: 108.200 Thread 0x000001fe66a03a80 11489       4       org.eclipse.jdt.internal.compiler.env.ITypeAnnotationWalker$1::getAnnotationsAtCursor (4 bytes)
Event: 108.200 Thread 0x000001fe66a03a80 nmethod 11489 0x000001fe58517010 code [0x000001fe58517180, 0x000001fe585171f8]
Event: 108.225 Thread 0x000001fe62dfa7e0 11505       3       org.eclipse.jdt.internal.compiler.ast.AbstractMethodDeclaration::isAbstract (30 bytes)
Event: 108.225 Thread 0x000001fe62dfa7e0 nmethod 11505 0x000001fe512bd710 code [0x000001fe512bd8c0, 0x000001fe512bdb78]
Event: 108.226 Thread 0x000001fe62dfa7e0 11506       3       org.eclipse.jdt.internal.core.ImportDeclaration::getElementName (35 bytes)
Event: 108.227 Thread 0x000001fe62dfa7e0 nmethod 11506 0x000001fe512bcc90 code [0x000001fe512bcec0, 0x000001fe512bd4f8]
Event: 108.227 Thread 0x000001fe62dfa7e0 11507       1       org.eclipse.jdt.internal.core.SourceMethodInfo::setReturnType (6 bytes)
Event: 108.227 Thread 0x000001fe62dfa7e0 nmethod 11507 0x000001fe58517310 code [0x000001fe585174a0, 0x000001fe58517578]
Event: 108.227 Thread 0x000001fe62dfa7e0 11508       1       org.eclipse.jdt.internal.core.SourceMethodInfo::isAnnotationMethod (2 bytes)
Event: 108.227 Thread 0x000001fe62dfa7e0 nmethod 11508 0x000001fe58517610 code [0x000001fe585177a0, 0x000001fe58517878]
Event: 108.236 Thread 0x000001fe62dfa7e0 11509       3       java.lang.NoSuchMethodException::<init> (6 bytes)
Event: 108.237 Thread 0x000001fe62dfa7e0 nmethod 11509 0x000001fe512bc790 code [0x000001fe512bc940, 0x000001fe512bcb48]

GC Heap History (20 events):
Event: 76.059 GC heap before
{Heap before GC invocations=90 (full 7):
 PSYoungGen      total 22528K, used 22502K [0x00000000eab00000, 0x00000000ec400000, 0x0000000100000000)
  eden space 20480K, 100% used [0x00000000eab00000,0x00000000ebf00000,0x00000000ebf00000)
  from space 2048K, 98% used [0x00000000ebf00000,0x00000000ec0f9998,0x00000000ec100000)
  to   space 2560K, 0% used [0x00000000ec180000,0x00000000ec180000,0x00000000ec400000)
 ParOldGen       total 118272K, used 100733K [0x00000000c0000000, 0x00000000c7380000, 0x00000000eab00000)
  object space 118272K, 85% used [0x00000000c0000000,0x00000000c625f4f0,0x00000000c7380000)
 Metaspace       used 66537K, committed 67712K, reserved 1114112K
  class space    used 6787K, committed 7296K, reserved 1048576K
}
Event: 76.062 GC heap after
{Heap after GC invocations=90 (full 7):
 PSYoungGen      total 23040K, used 2139K [0x00000000eab00000, 0x00000000ec400000, 0x0000000100000000)
  eden space 20480K, 0% used [0x00000000eab00000,0x00000000eab00000,0x00000000ebf00000)
  from space 2560K, 83% used [0x00000000ec180000,0x00000000ec396ee8,0x00000000ec400000)
  to   space 2560K, 0% used [0x00000000ebf00000,0x00000000ebf00000,0x00000000ec180000)
 ParOldGen       total 118272K, used 100741K [0x00000000c0000000, 0x00000000c7380000, 0x00000000eab00000)
  object space 118272K, 85% used [0x00000000c0000000,0x00000000c62614f0,0x00000000c7380000)
 Metaspace       used 66537K, committed 67712K, reserved 1114112K
  class space    used 6787K, committed 7296K, reserved 1048576K
}
Event: 77.991 GC heap before
{Heap before GC invocations=91 (full 7):
 PSYoungGen      total 23040K, used 22619K [0x00000000eab00000, 0x00000000ec400000, 0x0000000100000000)
  eden space 20480K, 100% used [0x00000000eab00000,0x00000000ebf00000,0x00000000ebf00000)
  from space 2560K, 83% used [0x00000000ec180000,0x00000000ec396ee8,0x00000000ec400000)
  to   space 2560K, 0% used [0x00000000ebf00000,0x00000000ebf00000,0x00000000ec180000)
 ParOldGen       total 118272K, used 100741K [0x00000000c0000000, 0x00000000c7380000, 0x00000000eab00000)
  object space 118272K, 85% used [0x00000000c0000000,0x00000000c62614f0,0x00000000c7380000)
 Metaspace       used 66630K, committed 67776K, reserved 1114112K
  class space    used 6789K, committed 7296K, reserved 1048576K
}
Event: 77.996 GC heap after
{Heap after GC invocations=91 (full 7):
 PSYoungGen      total 23040K, used 2458K [0x00000000eab00000, 0x00000000ec400000, 0x0000000100000000)
  eden space 20480K, 0% used [0x00000000eab00000,0x00000000eab00000,0x00000000ebf00000)
  from space 2560K, 96% used [0x00000000ebf00000,0x00000000ec166a70,0x00000000ec180000)
  to   space 2560K, 0% used [0x00000000ec180000,0x00000000ec180000,0x00000000ec400000)
 ParOldGen       total 118272K, used 100749K [0x00000000c0000000, 0x00000000c7380000, 0x00000000eab00000)
  object space 118272K, 85% used [0x00000000c0000000,0x00000000c62634f0,0x00000000c7380000)
 Metaspace       used 66630K, committed 67776K, reserved 1114112K
  class space    used 6789K, committed 7296K, reserved 1048576K
}
Event: 79.788 GC heap before
{Heap before GC invocations=92 (full 7):
 PSYoungGen      total 23040K, used 22938K [0x00000000eab00000, 0x00000000ec400000, 0x0000000100000000)
  eden space 20480K, 100% used [0x00000000eab00000,0x00000000ebf00000,0x00000000ebf00000)
  from space 2560K, 96% used [0x00000000ebf00000,0x00000000ec166a70,0x00000000ec180000)
  to   space 2560K, 0% used [0x00000000ec180000,0x00000000ec180000,0x00000000ec400000)
 ParOldGen       total 118272K, used 100749K [0x00000000c0000000, 0x00000000c7380000, 0x00000000eab00000)
  object space 118272K, 85% used [0x00000000c0000000,0x00000000c62634f0,0x00000000c7380000)
 Metaspace       used 66667K, committed 67840K, reserved 1114112K
  class space    used 6791K, committed 7296K, reserved 1048576K
}
Event: 79.791 GC heap after
{Heap after GC invocations=92 (full 7):
 PSYoungGen      total 23040K, used 2310K [0x00000000eab00000, 0x00000000ec400000, 0x0000000100000000)
  eden space 20480K, 0% used [0x00000000eab00000,0x00000000eab00000,0x00000000ebf00000)
  from space 2560K, 90% used [0x00000000ec180000,0x00000000ec3c1978,0x00000000ec400000)
  to   space 2560K, 0% used [0x00000000ebf00000,0x00000000ebf00000,0x00000000ec180000)
 ParOldGen       total 118272K, used 100757K [0x00000000c0000000, 0x00000000c7380000, 0x00000000eab00000)
  object space 118272K, 85% used [0x00000000c0000000,0x00000000c62654f0,0x00000000c7380000)
 Metaspace       used 66667K, committed 67840K, reserved 1114112K
  class space    used 6791K, committed 7296K, reserved 1048576K
}
Event: 85.174 GC heap before
{Heap before GC invocations=93 (full 7):
 PSYoungGen      total 23040K, used 22790K [0x00000000eab00000, 0x00000000ec400000, 0x0000000100000000)
  eden space 20480K, 100% used [0x00000000eab00000,0x00000000ebf00000,0x00000000ebf00000)
  from space 2560K, 90% used [0x00000000ec180000,0x00000000ec3c1978,0x00000000ec400000)
  to   space 2560K, 0% used [0x00000000ebf00000,0x00000000ebf00000,0x00000000ec180000)
 ParOldGen       total 118272K, used 100757K [0x00000000c0000000, 0x00000000c7380000, 0x00000000eab00000)
  object space 118272K, 85% used [0x00000000c0000000,0x00000000c62654f0,0x00000000c7380000)
 Metaspace       used 66671K, committed 67840K, reserved 1114112K
  class space    used 6791K, committed 7296K, reserved 1048576K
}
Event: 85.178 GC heap after
{Heap after GC invocations=93 (full 7):
 PSYoungGen      total 23040K, used 2557K [0x00000000eab00000, 0x00000000ecc00000, 0x0000000100000000)
  eden space 20480K, 0% used [0x00000000eab00000,0x00000000eab00000,0x00000000ebf00000)
  from space 2560K, 99% used [0x00000000ebf00000,0x00000000ec17f560,0x00000000ec180000)
  to   space 6656K, 0% used [0x00000000ec580000,0x00000000ec580000,0x00000000ecc00000)
 ParOldGen       total 118272K, used 104155K [0x00000000c0000000, 0x00000000c7380000, 0x00000000eab00000)
  object space 118272K, 88% used [0x00000000c0000000,0x00000000c65b6c50,0x00000000c7380000)
 Metaspace       used 66671K, committed 67840K, reserved 1114112K
  class space    used 6791K, committed 7296K, reserved 1048576K
}
Event: 85.994 GC heap before
{Heap before GC invocations=94 (full 7):
 PSYoungGen      total 23040K, used 23033K [0x00000000eab00000, 0x00000000ecc00000, 0x0000000100000000)
  eden space 20480K, 99% used [0x00000000eab00000,0x00000000ebeff1f0,0x00000000ebf00000)
  from space 2560K, 99% used [0x00000000ebf00000,0x00000000ec17f560,0x00000000ec180000)
  to   space 6656K, 0% used [0x00000000ec580000,0x00000000ec580000,0x00000000ecc00000)
 ParOldGen       total 118272K, used 104155K [0x00000000c0000000, 0x00000000c7380000, 0x00000000eab00000)
  object space 118272K, 88% used [0x00000000c0000000,0x00000000c65b6c50,0x00000000c7380000)
 Metaspace       used 66698K, committed 67840K, reserved 1114112K
  class space    used 6795K, committed 7296K, reserved 1048576K
}
Event: 85.999 GC heap after
{Heap after GC invocations=94 (full 7):
 PSYoungGen      total 26624K, used 6652K [0x00000000eab00000, 0x00000000ecd00000, 0x0000000100000000)
  eden space 19968K, 0% used [0x00000000eab00000,0x00000000eab00000,0x00000000ebe80000)
  from space 6656K, 99% used [0x00000000ec580000,0x00000000ecbff0f0,0x00000000ecc00000)
  to   space 7168K, 0% used [0x00000000ebe80000,0x00000000ebe80000,0x00000000ec580000)
 ParOldGen       total 118272K, used 104267K [0x00000000c0000000, 0x00000000c7380000, 0x00000000eab00000)
  object space 118272K, 88% used [0x00000000c0000000,0x00000000c65d2c50,0x00000000c7380000)
 Metaspace       used 66698K, committed 67840K, reserved 1114112K
  class space    used 6795K, committed 7296K, reserved 1048576K
}
Event: 99.070 GC heap before
{Heap before GC invocations=95 (full 7):
 PSYoungGen      total 26624K, used 26620K [0x00000000eab00000, 0x00000000ecd00000, 0x0000000100000000)
  eden space 19968K, 100% used [0x00000000eab00000,0x00000000ebe80000,0x00000000ebe80000)
  from space 6656K, 99% used [0x00000000ec580000,0x00000000ecbff0f0,0x00000000ecc00000)
  to   space 7168K, 0% used [0x00000000ebe80000,0x00000000ebe80000,0x00000000ec580000)
 ParOldGen       total 118272K, used 104267K [0x00000000c0000000, 0x00000000c7380000, 0x00000000eab00000)
  object space 118272K, 88% used [0x00000000c0000000,0x00000000c65d2c50,0x00000000c7380000)
 Metaspace       used 66803K, committed 67968K, reserved 1114112K
  class space    used 6806K, committed 7296K, reserved 1048576K
}
Event: 99.074 GC heap after
{Heap after GC invocations=95 (full 7):
 PSYoungGen      total 27136K, used 7167K [0x00000000eab00000, 0x00000000ecd80000, 0x0000000100000000)
  eden space 19968K, 0% used [0x00000000eab00000,0x00000000eab00000,0x00000000ebe80000)
  from space 7168K, 99% used [0x00000000ebe80000,0x00000000ec57fe88,0x00000000ec580000)
  to   space 7680K, 0% used [0x00000000ec600000,0x00000000ec600000,0x00000000ecd80000)
 ParOldGen       total 118272K, used 104579K [0x00000000c0000000, 0x00000000c7380000, 0x00000000eab00000)
  object space 118272K, 88% used [0x00000000c0000000,0x00000000c6620c50,0x00000000c7380000)
 Metaspace       used 66803K, committed 67968K, reserved 1114112K
  class space    used 6806K, committed 7296K, reserved 1048576K
}
Event: 99.925 GC heap before
{Heap before GC invocations=96 (full 7):
 PSYoungGen      total 27136K, used 27135K [0x00000000eab00000, 0x00000000ecd80000, 0x0000000100000000)
  eden space 19968K, 100% used [0x00000000eab00000,0x00000000ebe80000,0x00000000ebe80000)
  from space 7168K, 99% used [0x00000000ebe80000,0x00000000ec57fe88,0x00000000ec580000)
  to   space 7680K, 0% used [0x00000000ec600000,0x00000000ec600000,0x00000000ecd80000)
 ParOldGen       total 118272K, used 104579K [0x00000000c0000000, 0x00000000c7380000, 0x00000000eab00000)
  object space 118272K, 88% used [0x00000000c0000000,0x00000000c6620c50,0x00000000c7380000)
 Metaspace       used 66924K, committed 68032K, reserved 1114112K
  class space    used 6811K, committed 7296K, reserved 1048576K
}
Event: 99.930 GC heap after
{Heap after GC invocations=96 (full 7):
 PSYoungGen      total 24064K, used 7655K [0x00000000eab00000, 0x00000000ed480000, 0x0000000100000000)
  eden space 16384K, 0% used [0x00000000eab00000,0x00000000eab00000,0x00000000ebb00000)
  from space 7680K, 99% used [0x00000000ec600000,0x00000000ecd79c68,0x00000000ecd80000)
  to   space 11264K, 0% used [0x00000000ebb00000,0x00000000ebb00000,0x00000000ec600000)
 ParOldGen       total 118272K, used 107382K [0x00000000c0000000, 0x00000000c7380000, 0x00000000eab00000)
  object space 118272K, 90% used [0x00000000c0000000,0x00000000c68dd828,0x00000000c7380000)
 Metaspace       used 66924K, committed 68032K, reserved 1114112K
  class space    used 6811K, committed 7296K, reserved 1048576K
}
Event: 100.139 GC heap before
{Heap before GC invocations=97 (full 7):
 PSYoungGen      total 24064K, used 24039K [0x00000000eab00000, 0x00000000ed480000, 0x0000000100000000)
  eden space 16384K, 100% used [0x00000000eab00000,0x00000000ebb00000,0x00000000ebb00000)
  from space 7680K, 99% used [0x00000000ec600000,0x00000000ecd79c68,0x00000000ecd80000)
  to   space 11264K, 0% used [0x00000000ebb00000,0x00000000ebb00000,0x00000000ec600000)
 ParOldGen       total 118272K, used 107382K [0x00000000c0000000, 0x00000000c7380000, 0x00000000eab00000)
  object space 118272K, 90% used [0x00000000c0000000,0x00000000c68dd828,0x00000000c7380000)
 Metaspace       used 66964K, committed 68096K, reserved 1114112K
  class space    used 6811K, committed 7296K, reserved 1048576K
}
Event: 100.145 GC heap after
{Heap after GC invocations=97 (full 7):
 PSYoungGen      total 25088K, used 8476K [0x00000000eab00000, 0x00000000ecd00000, 0x0000000100000000)
  eden space 16384K, 0% used [0x00000000eab00000,0x00000000eab00000,0x00000000ebb00000)
  from space 8704K, 97% used [0x00000000ebb00000,0x00000000ec347300,0x00000000ec380000)
  to   space 9216K, 0% used [0x00000000ec400000,0x00000000ec400000,0x00000000ecd00000)
 ParOldGen       total 118272K, used 107406K [0x00000000c0000000, 0x00000000c7380000, 0x00000000eab00000)
  object space 118272K, 90% used [0x00000000c0000000,0x00000000c68e3828,0x00000000c7380000)
 Metaspace       used 66964K, committed 68096K, reserved 1114112K
  class space    used 6811K, committed 7296K, reserved 1048576K
}
Event: 100.345 GC heap before
{Heap before GC invocations=98 (full 7):
 PSYoungGen      total 25088K, used 24860K [0x00000000eab00000, 0x00000000ecd00000, 0x0000000100000000)
  eden space 16384K, 100% used [0x00000000eab00000,0x00000000ebb00000,0x00000000ebb00000)
  from space 8704K, 97% used [0x00000000ebb00000,0x00000000ec347300,0x00000000ec380000)
  to   space 9216K, 0% used [0x00000000ec400000,0x00000000ec400000,0x00000000ecd00000)
 ParOldGen       total 118272K, used 107406K [0x00000000c0000000, 0x00000000c7380000, 0x00000000eab00000)
  object space 118272K, 90% used [0x00000000c0000000,0x00000000c68e3828,0x00000000c7380000)
 Metaspace       used 66988K, committed 68096K, reserved 1114112K
  class space    used 6811K, committed 7296K, reserved 1048576K
}
Event: 100.350 GC heap after
{Heap after GC invocations=98 (full 7):
 PSYoungGen      total 25600K, used 8834K [0x00000000eab00000, 0x00000000ecd00000, 0x0000000100000000)
  eden space 16384K, 0% used [0x00000000eab00000,0x00000000eab00000,0x00000000ebb00000)
  from space 9216K, 95% used [0x00000000ec400000,0x00000000ecca0a38,0x00000000ecd00000)
  to   space 9216K, 0% used [0x00000000ebb00000,0x00000000ebb00000,0x00000000ec400000)
 ParOldGen       total 118272K, used 107406K [0x00000000c0000000, 0x00000000c7380000, 0x00000000eab00000)
  object space 118272K, 90% used [0x00000000c0000000,0x00000000c68e3828,0x00000000c7380000)
 Metaspace       used 66988K, committed 68096K, reserved 1114112K
  class space    used 6811K, committed 7296K, reserved 1048576K
}
Event: 107.769 GC heap before
{Heap before GC invocations=99 (full 7):
 PSYoungGen      total 25600K, used 25218K [0x00000000eab00000, 0x00000000ecd00000, 0x0000000100000000)
  eden space 16384K, 100% used [0x00000000eab00000,0x00000000ebb00000,0x00000000ebb00000)
  from space 9216K, 95% used [0x00000000ec400000,0x00000000ecca0a38,0x00000000ecd00000)
  to   space 9216K, 0% used [0x00000000ebb00000,0x00000000ebb00000,0x00000000ec400000)
 ParOldGen       total 118272K, used 107406K [0x00000000c0000000, 0x00000000c7380000, 0x00000000eab00000)
  object space 118272K, 90% used [0x00000000c0000000,0x00000000c68e3828,0x00000000c7380000)
 Metaspace       used 67414K, committed 68544K, reserved 1114112K
  class space    used 6854K, committed 7360K, reserved 1048576K
}
Event: 107.775 GC heap after
{Heap after GC invocations=99 (full 7):
 PSYoungGen      total 25600K, used 8872K [0x00000000eab00000, 0x00000000ecd00000, 0x0000000100000000)
  eden space 16384K, 0% used [0x00000000eab00000,0x00000000eab00000,0x00000000ebb00000)
  from space 9216K, 96% used [0x00000000ebb00000,0x00000000ec3aa310,0x00000000ec400000)
  to   space 9216K, 0% used [0x00000000ec400000,0x00000000ec400000,0x00000000ecd00000)
 ParOldGen       total 118272K, used 107406K [0x00000000c0000000, 0x00000000c7380000, 0x00000000eab00000)
  object space 118272K, 90% used [0x00000000c0000000,0x00000000c68e3828,0x00000000c7380000)
 Metaspace       used 67414K, committed 68544K, reserved 1114112K
  class space    used 6854K, committed 7360K, reserved 1048576K
}

Deoptimization events (20 events):
Event: 108.135 Thread 0x000001fe68b4ac80 Uncommon trap: trap_request=0xffffff45 fr.pc=0x000001fe584ad940 relative=0x0000000000002640
Event: 108.135 Thread 0x000001fe68b4ac80 Uncommon trap: reason=unstable_if action=reinterpret pc=0x000001fe584ad940 method=org.eclipse.jdt.internal.compiler.parser.Scanner.getNextToken()I @ 144 c2
Event: 108.135 Thread 0x000001fe68b4ac80 DEOPT PACKING pc=0x000001fe584ad940 sp=0x000000a7003fe230
Event: 108.135 Thread 0x000001fe68b4ac80 DEOPT UNPACKING pc=0x000001fe502720a3 sp=0x000000a7003fe238 mode 2
Event: 108.135 Thread 0x000001fe68b4ac80 Uncommon trap: trap_request=0xffffffde fr.pc=0x000001fe58503e48 relative=0x0000000000000948
Event: 108.135 Thread 0x000001fe68b4ac80 Uncommon trap: reason=class_check action=maybe_recompile pc=0x000001fe58503e48 method=org.eclipse.jdt.internal.compiler.parser.Parser.consumeRule(I)V @ 4424 c2
Event: 108.135 Thread 0x000001fe68b4ac80 DEOPT PACKING pc=0x000001fe58503e48 sp=0x000000a7003fe2b0
Event: 108.135 Thread 0x000001fe68b4ac80 DEOPT UNPACKING pc=0x000001fe502720a3 sp=0x000000a7003fe240 mode 2
Event: 108.137 Thread 0x000001fe68b4ac80 Uncommon trap: trap_request=0xffffffc6 fr.pc=0x000001fe584c4c14 relative=0x00000000000009b4
Event: 108.137 Thread 0x000001fe68b4ac80 Uncommon trap: reason=bimorphic_or_optimized_type_check action=maybe_recompile pc=0x000001fe584c4c14 method=org.eclipse.jdt.internal.compiler.util.SimpleSet.add(Ljava/lang/Object;)Ljava/lang/Object; @ 7 c2
Event: 108.137 Thread 0x000001fe68b4ac80 DEOPT PACKING pc=0x000001fe584c4c14 sp=0x000000a7003fe070
Event: 108.137 Thread 0x000001fe68b4ac80 DEOPT UNPACKING pc=0x000001fe502720a3 sp=0x000000a7003fe018 mode 2
Event: 108.145 Thread 0x000001fe68b4ac80 Uncommon trap: trap_request=0xffffff45 fr.pc=0x000001fe584fd04c relative=0x00000000000017cc
Event: 108.145 Thread 0x000001fe68b4ac80 Uncommon trap: reason=unstable_if action=reinterpret pc=0x000001fe584fd04c method=org.eclipse.jdt.internal.compiler.lookup.PlainPackageBinding.getIncarnation(Lorg/eclipse/jdt/internal/compiler/lookup/ModuleBinding;)Lorg/eclipse/jdt/internal/compiler/looku
Event: 108.145 Thread 0x000001fe68b4ac80 DEOPT PACKING pc=0x000001fe584fd04c sp=0x000000a7003fd390
Event: 108.145 Thread 0x000001fe68b4ac80 DEOPT UNPACKING pc=0x000001fe502720a3 sp=0x000000a7003fd2b8 mode 2
Event: 108.159 Thread 0x000001fe68b4ac80 Uncommon trap: trap_request=0xffffffde fr.pc=0x000001fe58503e48 relative=0x0000000000000948
Event: 108.159 Thread 0x000001fe68b4ac80 Uncommon trap: reason=class_check action=maybe_recompile pc=0x000001fe58503e48 method=org.eclipse.jdt.internal.compiler.parser.Parser.consumeRule(I)V @ 4424 c2
Event: 108.159 Thread 0x000001fe68b4ac80 DEOPT PACKING pc=0x000001fe58503e48 sp=0x000000a7003fd8b0
Event: 108.159 Thread 0x000001fe68b4ac80 DEOPT UNPACKING pc=0x000001fe502720a3 sp=0x000000a7003fd840 mode 2

Classes unloaded (7 events):
Event: 10.747 Thread 0x000001fe612b7280 Unloading class 0x0000000100210400 'java/lang/invoke/LambdaForm$MH+0x0000000100210400'
Event: 10.748 Thread 0x000001fe612b7280 Unloading class 0x0000000100210000 'java/lang/invoke/LambdaForm$MH+0x0000000100210000'
Event: 10.748 Thread 0x000001fe612b7280 Unloading class 0x000000010020fc00 'java/lang/invoke/LambdaForm$MH+0x000000010020fc00'
Event: 10.748 Thread 0x000001fe612b7280 Unloading class 0x000000010020f800 'java/lang/invoke/LambdaForm$MH+0x000000010020f800'
Event: 10.748 Thread 0x000001fe612b7280 Unloading class 0x000000010020f000 'java/lang/invoke/LambdaForm$BMH+0x000000010020f000'
Event: 10.748 Thread 0x000001fe612b7280 Unloading class 0x000000010020ec00 'java/lang/invoke/LambdaForm$DMH+0x000000010020ec00'
Event: 10.748 Thread 0x000001fe612b7280 Unloading class 0x000000010020c400 'java/lang/invoke/LambdaForm$DMH+0x000000010020c400'

Classes redefined (0 events):
No events

Internal exceptions (20 events):
Event: 79.199 Thread 0x000001fe63336fd0 Exception <a 'java/lang/NullPointerException'{0x00000000eb614b98}> (0x00000000eb614b98) 
thrown [s\src\hotspot\share\runtime\sharedRuntime.cpp, line 628]
Event: 79.199 Thread 0x000001fe63336fd0 Implicit null exception at 0x000001fe508e993f to 0x000001fe508ee7ca
Event: 79.199 Thread 0x000001fe63336fd0 Exception <a 'java/lang/NullPointerException'{0x00000000eb615250}> (0x00000000eb615250) 
thrown [s\src\hotspot\share\runtime\sharedRuntime.cpp, line 628]
Event: 79.199 Thread 0x000001fe63336fd0 Implicit null exception at 0x000001fe508e993f to 0x000001fe508ee7ca
Event: 79.199 Thread 0x000001fe63336fd0 Exception <a 'java/lang/NullPointerException'{0x00000000eb615528}> (0x00000000eb615528) 
thrown [s\src\hotspot\share\runtime\sharedRuntime.cpp, line 628]
Event: 79.199 Thread 0x000001fe63336fd0 Implicit null exception at 0x000001fe508e993f to 0x000001fe508ee7ca
Event: 79.199 Thread 0x000001fe63336fd0 Exception <a 'java/lang/NullPointerException'{0x00000000eb615800}> (0x00000000eb615800) 
thrown [s\src\hotspot\share\runtime\sharedRuntime.cpp, line 628]
Event: 79.775 Thread 0x000001fe63336fd0 Implicit null exception at 0x000001fe508e993f to 0x000001fe508ee7ca
Event: 79.775 Thread 0x000001fe63336fd0 Exception <a 'java/lang/NullPointerException'{0x00000000ebe3da08}> (0x00000000ebe3da08) 
thrown [s\src\hotspot\share\runtime\sharedRuntime.cpp, line 628]
Event: 79.775 Thread 0x000001fe63336fd0 Implicit null exception at 0x000001fe508e993f to 0x000001fe508ee7ca
Event: 79.775 Thread 0x000001fe63336fd0 Exception <a 'java/lang/NullPointerException'{0x00000000ebe3dce0}> (0x00000000ebe3dce0) 
thrown [s\src\hotspot\share\runtime\sharedRuntime.cpp, line 628]
Event: 79.775 Thread 0x000001fe63336fd0 Implicit null exception at 0x000001fe508e993f to 0x000001fe508ee7ca
Event: 79.775 Thread 0x000001fe63336fd0 Exception <a 'java/lang/NullPointerException'{0x00000000ebe3dfb8}> (0x00000000ebe3dfb8) 
thrown [s\src\hotspot\share\runtime\sharedRuntime.cpp, line 628]
Event: 79.775 Thread 0x000001fe63336fd0 Implicit null exception at 0x000001fe508e993f to 0x000001fe508ee7ca
Event: 79.775 Thread 0x000001fe63336fd0 Exception <a 'java/lang/NullPointerException'{0x00000000ebe3e670}> (0x00000000ebe3e670) 
thrown [s\src\hotspot\share\runtime\sharedRuntime.cpp, line 628]
Event: 79.775 Thread 0x000001fe63336fd0 Implicit null exception at 0x000001fe508e993f to 0x000001fe508ee7ca
Event: 79.775 Thread 0x000001fe63336fd0 Exception <a 'java/lang/NullPointerException'{0x00000000ebe3e948}> (0x00000000ebe3e948) 
thrown [s\src\hotspot\share\runtime\sharedRuntime.cpp, line 628]
Event: 79.775 Thread 0x000001fe63336fd0 Implicit null exception at 0x000001fe508e993f to 0x000001fe508ee7ca
Event: 79.775 Thread 0x000001fe63336fd0 Exception <a 'java/lang/NullPointerException'{0x00000000ebe3ec20}> (0x00000000ebe3ec20) 
thrown [s\src\hotspot\share\runtime\sharedRuntime.cpp, line 628]
Event: 99.191 Thread 0x000001fe633352f0 Implicit null exception at 0x000001fe5837a9f6 to 0x000001fe5837b004

VM Operations (20 events):
Event: 99.924 Executing VM operation: ParallelGCFailedAllocation
Event: 99.930 Executing VM operation: ParallelGCFailedAllocation done
Event: 100.139 Executing VM operation: ParallelGCFailedAllocation
Event: 100.145 Executing VM operation: ParallelGCFailedAllocation done
Event: 100.345 Executing VM operation: ParallelGCFailedAllocation
Event: 100.350 Executing VM operation: ParallelGCFailedAllocation done
Event: 101.364 Executing VM operation: Cleanup
Event: 101.364 Executing VM operation: Cleanup done
Event: 102.367 Executing VM operation: Cleanup
Event: 102.367 Executing VM operation: Cleanup done
Event: 103.377 Executing VM operation: Cleanup
Event: 103.377 Executing VM operation: Cleanup done
Event: 104.387 Executing VM operation: Cleanup
Event: 104.387 Executing VM operation: Cleanup done
Event: 107.412 Executing VM operation: Cleanup
Event: 107.412 Executing VM operation: Cleanup done
Event: 107.768 Executing VM operation: ParallelGCFailedAllocation
Event: 107.775 Executing VM operation: ParallelGCFailedAllocation done
Event: 107.903 Executing VM operation: HandshakeAllThreads
Event: 107.903 Executing VM operation: HandshakeAllThreads done

Events (20 events):
Event: 74.610 Thread 0x000001fe62dfdc40 flushing nmethod 0x000001fe51961e10
Event: 74.610 Thread 0x000001fe62dfdc40 flushing nmethod 0x000001fe51962c10
Event: 74.610 Thread 0x000001fe62dfdc40 flushing nmethod 0x000001fe519b3110
Event: 74.611 Thread 0x000001fe62dfdc40 flushing nmethod 0x000001fe51a18910
Event: 74.611 Thread 0x000001fe62dfdc40 flushing nmethod 0x000001fe51a22910
Event: 74.611 Thread 0x000001fe62dfdc40 flushing nmethod 0x000001fe51b0ac90
Event: 75.375 Thread 0x000001fe66a03570 Thread added: 0x000001fe66a03570
Event: 75.774 Thread 0x000001fe68b49470 Thread exited: 0x000001fe68b49470
Event: 75.907 Thread 0x000001fe66a03570 Thread exited: 0x000001fe66a03570
Event: 77.741 loading class java/util/regex/Pattern$1
Event: 77.741 loading class java/util/regex/Pattern$1 done
Event: 86.013 loading class java/util/stream/ReduceOps$4
Event: 86.013 loading class java/util/stream/ReduceOps$4 done
Event: 86.015 loading class java/util/stream/ReduceOps$4ReducingSink
Event: 86.016 loading class java/util/stream/ReduceOps$4ReducingSink done
Event: 99.277 Thread 0x000001fe66a04ec0 Thread added: 0x000001fe66a04ec0
Event: 99.910 Thread 0x000001fe66a04ec0 Thread exited: 0x000001fe66a04ec0
Event: 99.956 Thread 0x000001fe66a058e0 Thread added: 0x000001fe66a058e0
Event: 101.563 Thread 0x000001fe66a058e0 Thread exited: 0x000001fe66a058e0
Event: 107.976 Thread 0x000001fe66a03a80 Thread added: 0x000001fe66a03a80


Dynamic libraries:
0x00007ff7ce210000 - 0x00007ff7ce21e000 	c:\Users\Prince\.antigravity\extensions\redhat.java-1.12.0-win32-x64\jre\17.0.4.1-win32-x86_64\bin\java.exe
0x00007ff9b5120000 - 0x00007ff9b5327000 	C:\Windows\SYSTEM32\ntdll.dll
0x00007ff9b4040000 - 0x00007ff9b40fd000 	C:\Windows\System32\KERNEL32.DLL
0x00007ff9b2640000 - 0x00007ff9b29b2000 	C:\Windows\System32\KERNELBASE.dll
0x00007ff9b2e30000 - 0x00007ff9b2f41000 	C:\Windows\System32\ucrtbase.dll
0x00007ff972c30000 - 0x00007ff972c48000 	c:\Users\Prince\.antigravity\extensions\redhat.java-1.12.0-win32-x64\jre\17.0.4.1-win32-x86_64\bin\jli.dll
0x00007ff9b4300000 - 0x00007ff9b44ac000 	C:\Windows\System32\USER32.dll
0x00007ff9b2f50000 - 0x00007ff9b2f76000 	C:\Windows\System32\win32u.dll
0x00007ff9b3a00000 - 0x00007ff9b3a29000 	C:\Windows\System32\GDI32.dll
0x00007ff9b2a60000 - 0x00007ff9b2b72000 	C:\Windows\System32\gdi32full.dll
0x00007ff9b29c0000 - 0x00007ff9b2a5d000 	C:\Windows\System32\msvcp_win.dll
0x00007ff972b20000 - 0x00007ff972b39000 	c:\Users\Prince\.antigravity\extensions\redhat.java-1.12.0-win32-x64\jre\17.0.4.1-win32-x86_64\bin\VCRUNTIME140.dll
0x00007ff99c4c0000 - 0x00007ff99c765000 	C:\Windows\WinSxS\amd64_microsoft.windows.common-controls_6595b64144ccf1df_6.0.21996.1_none_7d6b053978bcd706\COMCTL32.dll
0x00007ff9b2ff0000 - 0x00007ff9b3093000 	C:\Windows\System32\msvcrt.dll
0x00007ff9b44b0000 - 0x00007ff9b44e1000 	C:\Windows\System32\IMM32.DLL
0x00007ff9954b0000 - 0x00007ff9954bc000 	c:\Users\Prince\.antigravity\extensions\redhat.java-1.12.0-win32-x64\jre\17.0.4.1-win32-x86_64\bin\vcruntime140_1.dll
0x00007ff9658d0000 - 0x00007ff965961000 	c:\Users\Prince\.antigravity\extensions\redhat.java-1.12.0-win32-x64\jre\17.0.4.1-win32-x86_64\bin\msvcp140.dll
0x00007ff892fd0000 - 0x00007ff893c16000 	c:\Users\Prince\.antigravity\extensions\redhat.java-1.12.0-win32-x64\jre\17.0.4.1-win32-x86_64\bin\server\jvm.dll
0x00007ff9b4850000 - 0x00007ff9b48fc000 	C:\Windows\System32\ADVAPI32.dll
0x00007ff9b38f0000 - 0x00007ff9b398d000 	C:\Windows\System32\sechost.dll
0x00007ff9b4e60000 - 0x00007ff9b4f81000 	C:\Windows\System32\RPCRT4.dll
0x00007ff9b4020000 - 0x00007ff9b4028000 	C:\Windows\System32\PSAPI.DLL
0x00007ff99a870000 - 0x00007ff99a879000 	C:\Windows\SYSTEM32\WSOCK32.dll
0x00007ff9b3990000 - 0x00007ff9b39ff000 	C:\Windows\System32\WS2_32.dll
0x00007ff9a7ca0000 - 0x00007ff9a7cd3000 	C:\Windows\SYSTEM32\WINMM.dll
0x00007ff9a07e0000 - 0x00007ff9a07ea000 	C:\Windows\SYSTEM32\VERSION.dll
0x00007ff9b1730000 - 0x00007ff9b1747000 	C:\Windows\SYSTEM32\kernel.appcore.dll
0x00007ff992100000 - 0x00007ff99210a000 	c:\Users\Prince\.antigravity\extensions\redhat.java-1.12.0-win32-x64\jre\17.0.4.1-win32-x86_64\bin\jimage.dll
0x00007ff9b02a0000 - 0x00007ff9b04c1000 	C:\Windows\SYSTEM32\DBGHELP.DLL
0x00007ff9a05c0000 - 0x00007ff9a05f1000 	C:\Windows\SYSTEM32\dbgcore.DLL
0x00007ff9b2b80000 - 0x00007ff9b2c00000 	C:\Windows\System32\bcryptPrimitives.dll
0x00007ff991df0000 - 0x00007ff991dfe000 	c:\Users\Prince\.antigravity\extensions\redhat.java-1.12.0-win32-x64\jre\17.0.4.1-win32-x86_64\bin\instrument.dll
0x00007ff96af20000 - 0x00007ff96af45000 	c:\Users\Prince\.antigravity\extensions\redhat.java-1.12.0-win32-x64\jre\17.0.4.1-win32-x86_64\bin\java.dll
0x00007ff96b930000 - 0x00007ff96b948000 	c:\Users\Prince\.antigravity\extensions\redhat.java-1.12.0-win32-x64\jre\17.0.4.1-win32-x86_64\bin\zip.dll
0x00007ff9b30a0000 - 0x00007ff9b3809000 	C:\Windows\System32\SHELL32.dll
0x00007ff9b07c0000 - 0x00007ff9b1018000 	C:\Windows\SYSTEM32\windows.storage.dll
0x00007ff9b3b90000 - 0x00007ff9b3f05000 	C:\Windows\System32\combase.dll
0x00007ff9b0650000 - 0x00007ff9b07b6000 	C:\Windows\SYSTEM32\wintypes.dll
0x00007ff9b4ff0000 - 0x00007ff9b50da000 	C:\Windows\System32\SHCORE.dll
0x00007ff9b3a30000 - 0x00007ff9b3a8d000 	C:\Windows\System32\shlwapi.dll
0x00007ff9b2570000 - 0x00007ff9b2591000 	C:\Windows\SYSTEM32\profapi.dll
0x00007ff96b0b0000 - 0x00007ff96b0c9000 	C:\Users\Prince\.antigravity\extensions\redhat.java-1.12.0-win32-x64\jre\17.0.4.1-win32-x86_64\bin\net.dll
0x00007ff9a8530000 - 0x00007ff9a863c000 	C:\Windows\SYSTEM32\WINHTTP.dll
0x00007ff9b1b30000 - 0x00007ff9b1b97000 	C:\Windows\system32\mswsock.dll
0x00007ff96a9e0000 - 0x00007ff96a9f5000 	C:\Users\Prince\.antigravity\extensions\redhat.java-1.12.0-win32-x64\jre\17.0.4.1-win32-x86_64\bin\nio.dll
0x00007ff9919b0000 - 0x00007ff9919c0000 	c:\Users\Prince\.antigravity\extensions\redhat.java-1.12.0-win32-x64\jre\17.0.4.1-win32-x86_64\bin\verify.dll
0x00007ff96e720000 - 0x00007ff96e75e000 	C:\Users\Prince\AppData\Roaming\Antigravity\User\globalStorage\redhat.java\1.12.0\config_win\org.eclipse.equinox.launcher\org.eclipse.equinox.launcher.win32.win32.x86_64_1.2.600.v20220720-1916\eclipse_11700.dll
0x00007ff9b4590000 - 0x00007ff9b472a000 	C:\Windows\System32\ole32.dll
0x00007ff9b1e00000 - 0x00007ff9b1e18000 	C:\Windows\SYSTEM32\CRYPTSP.dll
0x00007ff9b1690000 - 0x00007ff9b16c5000 	C:\Windows\system32\rsaenh.dll
0x00007ff9b1bd0000 - 0x00007ff9b1bf9000 	C:\Windows\SYSTEM32\USERENV.dll
0x00007ff9b1fb0000 - 0x00007ff9b1fd7000 	C:\Windows\SYSTEM32\bcrypt.dll
0x00007ff9b1d20000 - 0x00007ff9b1d2c000 	C:\Windows\SYSTEM32\CRYPTBASE.dll
0x00007ff9b12b0000 - 0x00007ff9b12dd000 	C:\Windows\SYSTEM32\IPHLPAPI.DLL
0x00007ff9b4100000 - 0x00007ff9b4109000 	C:\Windows\System32\NSI.dll
0x00007ff9a8e10000 - 0x00007ff9a8e29000 	C:\Windows\SYSTEM32\dhcpcsvc6.DLL
0x00007ff9a99f0000 - 0x00007ff9a9a0e000 	C:\Windows\SYSTEM32\dhcpcsvc.DLL
0x00007ff9b12e0000 - 0x00007ff9b13c5000 	C:\Windows\SYSTEM32\DNSAPI.dll
0x00007ff974ff0000 - 0x00007ff975030000 	C:\Users\Prince\AppData\Local\Temp\jna--1896116887\jna14660973419969722403.dll

dbghelp: loaded successfully - version: 4.0.5 - missing functions: none
symbol engine: initialized successfully - sym options: 0x614 - pdb path: .;c:\Users\Prince\.antigravity\extensions\redhat.java-1.12.0-win32-x64\jre\17.0.4.1-win32-x86_64\bin;C:\Windows\SYSTEM32;C:\Windows\WinSxS\amd64_microsoft.windows.common-controls_6595b64144ccf1df_6.0.21996.1_none_7d6b053978bcd706;c:\Users\Prince\.antigravity\extensions\redhat.java-1.12.0-win32-x64\jre\17.0.4.1-win32-x86_64\bin\server;C:\Users\Prince\AppData\Roaming\Antigravity\User\globalStorage\redhat.java\1.12.0\config_win\org.eclipse.equinox.launcher\org.eclipse.equinox.launcher.win32.win32.x86_64_1.2.600.v20220720-1916;C:\Users\Prince\AppData\Local\Temp\jna--1896116887

VM Arguments:
jvm_args: --add-modules=ALL-SYSTEM --add-opens=java.base/java.util=ALL-UNNAMED --add-opens=java.base/java.lang=ALL-UNNAMED --add-opens=java.base/sun.nio.fs=ALL-UNNAMED -Declipse.application=org.eclipse.jdt.ls.core.id1 -Dosgi.bundles.defaultStartLevel=4 -Declipse.product=org.eclipse.jdt.ls.core.product -Djava.import.generatesMetadataFilesAtProjectRoot=false -Dfile.encoding=utf8 -XX:+UseParallelGC -XX:GCTimeRatio=4 -XX:AdaptiveSizePolicyWeight=90 -Dsun.zip.disableMemoryMapping=true -Xmx1G -Xms100m -Xlog:disable -javaagent:c:\Users\Prince\.antigravity\extensions\redhat.java-1.12.0-win32-x64\lombok\lombok-1.18.24.jar -XX:+HeapDumpOnOutOfMemoryError -XX:HeapDumpPath=c:\Users\Prince\AppData\Roaming\Antigravity\User\workspaceStorage\61fd0de3ea7e99ff56cf2674413bfd78\redhat.java 
java_command: c:\Users\Prince\.antigravity\extensions\redhat.java-1.12.0-win32-x64\server\plugins\org.eclipse.equinox.launcher_1.6.400.v20210924-0641.jar -configuration c:\Users\Prince\AppData\Roaming\Antigravity\User\globalStorage\redhat.java\1.12.0\config_win -data c:\Users\Prince\AppData\Roaming\Antigravity\User\workspaceStorage\61fd0de3ea7e99ff56cf2674413bfd78\redhat.java\jdt_ws
java_class_path (initial): c:\Users\Prince\.antigravity\extensions\redhat.java-1.12.0-win32-x64\server\plugins\org.eclipse.equinox.launcher_1.6.400.v20210924-0641.jar
Launcher Type: SUN_STANDARD

[Global flags]
    uintx AdaptiveSizePolicyWeight                 = 90                                        {product} {command line}
     intx CICompilerCount                          = 3                                         {product} {ergonomic}
    uintx GCTimeRatio                              = 4                                         {product} {command line}
     bool HeapDumpOnOutOfMemoryError               = true                                   {manageable} {command line}
    ccstr HeapDumpPath                             = c:\Users\Prince\AppData\Roaming\Antigravity\User\workspaceStorage\61fd0de3ea7e99ff56cf2674413bfd78\redhat.java         {manageable} {command line}
   size_t InitialHeapSize                          = 104857600                                 {product} {command line}
   size_t MaxHeapSize                              = 1073741824                                {product} {command line}
   size_t MaxNewSize                               = 357564416                                 {product} {ergonomic}
   size_t MinHeapDeltaBytes                        = 524288                                    {product} {ergonomic}
   size_t MinHeapSize                              = 104857600                                 {product} {command line}
   size_t NewSize                                  = 34603008                                  {product} {ergonomic}
    uintx NonNMethodCodeHeapSize                   = 5832780                                {pd product} {ergonomic}
    uintx NonProfiledCodeHeapSize                  = 122912730                              {pd product} {ergonomic}
   size_t OldSize                                  = 70254592                                  {product} {ergonomic}
    uintx ProfiledCodeHeapSize                     = 122912730                              {pd product} {ergonomic}
    uintx ReservedCodeCacheSize                    = 251658240                              {pd product} {ergonomic}
     bool SegmentedCodeCache                       = true                                      {product} {ergonomic}
   size_t SoftMaxHeapSize                          = 1073741824                             {manageable} {ergonomic}
     bool UseCompressedClassPointers               = true                           {product lp64_product} {ergonomic}
     bool UseCompressedOops                        = true                           {product lp64_product} {ergonomic}
     bool UseLargePagesIndividualAllocation        = false                                  {pd product} {ergonomic}
     bool UseParallelGC                            = true                                      {product} {command line}

Logging:
Log output configuration:
 #0: stdout all=off uptime,level,tags
 #1: stderr all=off uptime,level,tags

Environment Variables:
JAVA_HOME=C:\Program Files\Java\jdk-21
PATH=C:\Program Files\Eclipse Adoptium\jdk-11.0.26.4-hotspot\bin;C:\Program Files\Python313\Scripts\;C:\Program Files\Python313\;C:\Program Files\Common Files\Oracle\Java\javapath;C:\Windows\system32;C:\Windows;C:\Windows\System32\Wbem;C:\Windows\System32\WindowsPowerShell\v1.0\;C:\Windows\System32\OpenSSH\;C:\Program Files\Git\cmd;C:\flutter_windows_3.24.3\flutter\bin;C:\Program Files\Java\jdk-21\bin;C:\Program Files\Microsoft SQL Server\150\Tools\Binn\;C:\Program Files\Microsoft SQL Server\Client SDK\ODBC\170\Tools\Binn\;C:\Program Files (x86)\Microsoft SQL Server\160\Tools\Binn\;C:\Program Files\Microsoft SQL Server\160\Tools\Binn\;C:\Program Files\Microsoft SQL Server\160\DTS\Binn\;C:\Program Files (x86)\Microsoft SQL Server\160\DTS\Binn\;C:\Program Files\apache-maven-3.9.9-bin\apache-maven-3.9.9\bin;C:\ProgramData\chocolatey\bin;C:\Users\Prince\AppData\Local\Android\Sdk\platform-tools;C:\Users\Prince\AppData\Local\Android\Sdk\tools;C:\Users\Prince\AppData\Roaming\Python\Python313\Scripts;C:\Program Files (x86)\Google\Cloud SDK\google-cloud-sdk\bin;C:\Program Files\nodejs\;C:\Terraform\;C:\Users\Prince\AppData\Local\Android\Sdk\emulator;C:\Program Files\Eclipse Adoptium\jdk-11.0.26.4-hotspot\bin;C:\Program Files\Python313\Scripts\;C:\Program Files\Python313\;C:\Program Files\Common Files\Oracle\Java\javapath;C:\Windows\system32;C:\Windows;C:\Windows\System32\Wbem;C:\Windows\System32\WindowsPowerShell\v1.0\;C:\Windows\System32\OpenSSH\;C:\Program Files\Git\cmd;C:\flutter_windows_3.24.3\flutter\bin;C:\Program Files\Java\jdk-21\bin;C:\Program Files\Microsoft SQL Server\150\Tools\Binn\;C:\Program Files\Microsoft SQL Server\Client SDK\ODBC\170\Tools\Binn\;C:\Program Files (x86)\Microsoft SQL Server\160\Tools\Binn\;C:\Program Files\Microsoft SQL Server\160\Tools\Binn\;C:\Program Files\Microsoft SQL Server\160\DTS\Binn\;C:\Program Files (x86)\Microsoft SQL Server\160\DTS\Binn\;C:\Program Files\apache-maven-3.9.9-bin\apache-maven-3.9.9\bin;C:\ProgramData\chocolatey\bin;C:\
USERNAME=Prince
OS=Windows_NT
PROCESSOR_IDENTIFIER=Intel64 Family 6 Model 78 Stepping 3, GenuineIntel
TMP=C:\Users\Prince\AppData\Local\Temp
TEMP=C:\Users\Prince\AppData\Local\Temp



---------------  S Y S T E M  ---------------

OS:
 Windows 10 , 64 bit Build 21996 (10.0.21996.1)
OS uptime: 0 days 16:41 hours
Hyper-V role detected

CPU: total 4 (initial active 4) (2 cores per cpu, 2 threads per core) family 6 model 78 stepping 3 microcode 0xf0, cx8, cmov, fxsr, ht, mmx, 3dnowpref, sse, sse2, sse3, ssse3, sse4.1, sse4.2, popcnt, lzcnt, tsc, tscinvbit, avx, avx2, aes, erms, clmul, bmi1, bmi2, adx, fma, vzeroupper, clflush, clflushopt, hv

Memory: 4k page, system-wide physical 16167M (565M free)
TotalPageFile size 46615M (AvailPageFile size 2M)
current process WorkingSet (physical memory assigned to process): 350M, peak: 398M
current process commit charge ("private bytes"): 375M, peak: 423M

vm_info: OpenJDK 64-Bit Server VM (17.0.4.1+1) for windows-amd64 JRE (17.0.4.1+1), built on Aug 17 2022 07:42:43 by "temurin" with MS VC++ 16.7 (VS2019)

END.
